// Jest Snapshot v1, https://goo.gl/fbAQLP

exports[`City adder should render correctly with given props 1`] = `
<form
  onSubmit={[Function]}
>
  <Bootstrap(Row)
    className="mx-4"
  >
    <Bootstrap(InputGroup)>
      <FormControl
        aria-label="city"
        as="input"
        className="col-lg-8 col-12"
        onChange={[Function]}
        placeholder="Nazwa miasta"
        value=""
      />
      <Button
        active={false}
        className="offset-lg-1 col-lg-3 offset-0 col-12 my-3 my-lg-0"
        disabled={false}
        type="submit"
        variant="primary"
      >
        <ContextConsumer>
          <Component />
        </ContextConsumer>
        Dodaj
      </Button>
    </Bootstrap(InputGroup)>
  </Bootstrap(Row)>
</form>
`;
