// Jest Snapshot v1, https://goo.gl/fbAQLP

exports[`Link button should render correctly with given props 1`] = `
<Link
  className="btn btn-primary offset-lg-10 col-lg-2 offset-0 col-6 bg-light text-info"
  to="test"
>
  Text
</Link>
`;
