// Jest Snapshot v1, https://goo.gl/fbAQLP

exports[`Details should render correctly with given props 1`] = `""`;
