// Jest Snapshot v1, https://goo.gl/fbAQLP

exports[`Forecast row should render correctly with given props 1`] = `
<tr>
  <td
    className="text-center"
  >
    1
  </td>
  <td
    className="text-center"
  >
    <Link
      to="/details/1"
    >
      Sth
    </Link>
  </td>
  <td
    className="text-center"
  >
    20.0
     ° 
    F
  </td>
  <td
    className="text-center"
  >
    <Button
      active={false}
      className="col-12 bg-light text-danger"
      disabled={false}
      onClick={[Function]}
      type="button"
      variant="danger"
    >
      <FontAwesomeIcon
        border={false}
        className=""
        fixedWidth={false}
        flip={null}
        icon={
          Object {
            "icon": Array [
              512,
              512,
              Array [],
              "f056",
              "M256 8C119 8 8 119 8 256s111 248 248 248 248-111 248-248S393 8 256 8zM124 296c-6.6 0-12-5.4-12-12v-56c0-6.6 5.4-12 12-12h264c6.6 0 12 5.4 12 12v56c0 6.6-5.4 12-12 12H124z",
            ],
            "iconName": "minus-circle",
            "prefix": "fas",
          }
        }
        inverse={false}
        listItem={false}
        mask={null}
        pull={null}
        pulse={false}
        rotation={null}
        size={null}
        spin={false}
        style={
          Object {
            "marginRight": "3%",
          }
        }
        symbol={false}
        title=""
        transform={null}
      />
      Usuń
    </Button>
  </td>
</tr>
`;
